---
source: crates/guml-compiler/tests/snapshots.rs
expression: table
---
tsx  92  <-  guml  9  state draft=""
tsx  93  <-  guml 10  state filter=all|open|done
tsx  95  <-  guml  4  data tasks:Task[] GET /api/tasks
tsx 209  <-  guml 12  head Tasks — {tasks.open.count} open
tsx 210  <-  guml 14  form >tasks.add{title:draft}; draft=""
tsx 211  <-  guml 15  input draft aria="New task" placeholder="Add a task…"
tsx 212  <-  guml 16  btn Add primary disabled={!draft.trim()} busy="Adding…"
tsx 213  <-  guml 14  form >tasks.add{title:draft}; draft=""
tsx 214  <-  guml 18  tabs filter
tsx 231  <-  guml 20  list tasks where={filter}
tsx 243  <-  guml 24  empty Nothing here yet.
tsx 244  <-  guml 20  list tasks where={filter}
tsx 248  <-  guml 21  check {done} >tasks.save
tsx 249  <-  guml 22  text {title} strike={done}
tsx 250  <-  guml 23  btn Delete quiet aria="Delete {title}" >tasks.drop
tsx 251  <-  guml 20  list tasks where={filter}
