---
source: crates/guml-compiler/tests/snapshots.rs
expression: "emitted(\"c.guml\", \"react\")"
---
// ---- Landing.tsx ----
export default function Landing() {

  return (
    <>
      <nav className="mx-auto flex max-w-6xl items-center justify-between px-6 py-5">
        <h3 className="font-medium">Northwind</h3>
        <a className="text-sm text-slate-600 dark:text-slate-400 hover:text-slate-900 dark:hover:text-slate-100 focus:ring-2 focus:ring-slate-900 dark:focus:ring-slate-100" href="#features" id="features">Features</a>
        <a className="text-sm text-slate-600 dark:text-slate-400 hover:text-slate-900 dark:hover:text-slate-100 focus:ring-2 focus:ring-slate-900 dark:focus:ring-slate-100" href="#pricing" id="pricing">Pricing</a>
        <a className="text-sm text-slate-600 dark:text-slate-400 hover:text-slate-900 dark:hover:text-slate-100 focus:ring-2 focus:ring-slate-900 dark:focus:ring-slate-100" href="#faq" id="faq">FAQ</a>
        <button className="rounded-md px-4 py-2 text-sm font-medium transition-colors bg-slate-900 dark:bg-slate-100 text-white dark:text-slate-900 hover:bg-slate-800 dark:hover:bg-slate-200 focus:ring-2 focus:ring-slate-900 dark:focus:ring-slate-100 disabled:opacity-40" type="submit">Get started</button>
      </nav>
      <header className="mx-auto max-w-3xl px-6 py-24 text-center">
        <h1 className="text-4xl font-semibold tracking-tight text-slate-900 dark:text-slate-100 sm:text-5xl">Build the interface, skip the boilerplate</h1>
        <p className="mt-1 text-sm text-slate-500 dark:text-slate-400">Northwind turns a short description into a working, accessible web app you actually own.</p>
        <button className="rounded-md px-4 py-2 text-sm font-medium transition-colors bg-slate-900 dark:bg-slate-100 text-white dark:text-slate-900 hover:bg-slate-800 dark:hover:bg-slate-200 focus:ring-2 focus:ring-slate-900 dark:focus:ring-slate-100 disabled:opacity-40" type="submit">Start free</button>
        <button className="rounded-md px-4 py-2 text-sm font-medium transition-colors border border-slate-300 dark:border-slate-700 text-slate-700 dark:text-slate-300 hover:bg-slate-50 dark:hover:bg-slate-800 focus:ring-2 focus:ring-slate-900 dark:focus:ring-slate-100 disabled:opacity-40" type="button">Watch demo</button>
      </header>
      <section className="mx-auto max-w-6xl px-6 py-16 grid gap-6 md:grid-cols-3" id="features">
        <div className="rounded-xl border border-slate-200 dark:border-slate-800 bg-white dark:bg-slate-900 p-6 shadow-sm">Describe the page, get a deployable build. No boilerplate to review.</div>
        <div className="rounded-xl border border-slate-200 dark:border-slate-800 bg-white dark:bg-slate-900 p-6 shadow-sm">Every project exports as plain framework code you can keep editing.</div>
        <div className="rounded-xl border border-slate-200 dark:border-slate-800 bg-white dark:bg-slate-900 p-6 shadow-sm">Focus states, labels and contrast are handled before you ask.</div>
      </section>
      <section className="mx-auto max-w-6xl px-6 py-16 grid gap-6 md:grid-cols-3" id="pricing">
        <h3 className="font-medium">Pricing</h3>
        <div className="rounded-xl border border-slate-200 p-6">
          <h3 className="font-medium">Hobby</h3>
          <p className="mt-1 text-sm text-slate-500">For side projects</p>
          <p className="mt-4 text-3xl font-semibold">$0/mo</p>
          <ul className="mt-6 space-y-2 text-sm text-slate-600">
            <li>• 3 projects</li>
            <li>• Community support</li>
            <li>• Deploy previews</li>
          </ul>
          <a href="/signup" className="mt-6 block rounded-md border border-slate-300 px-4 py-2 text-center text-sm font-medium text-slate-700">
            Start free
          </a>
        </div>
        <div className="rounded-xl border-2 border-slate-900 p-6 shadow-sm">
          <h3 className="font-medium">Pro</h3>
          <p className="mt-1 text-sm text-slate-500">For working developers</p>
          <p className="mt-4 text-3xl font-semibold">$24/mo</p>
          <ul className="mt-6 space-y-2 text-sm text-slate-600">
            <li>• Unlimited projects</li>
            <li>• Custom domains</li>
            <li>• Email support</li>
          </ul>
          <a href="/signup" className="mt-6 block rounded-md bg-slate-900 px-4 py-2 text-center text-sm font-medium text-white">
            Go Pro
          </a>
        </div>
        <div className="rounded-xl border border-slate-200 p-6">
          <h3 className="font-medium">Team</h3>
          <p className="mt-1 text-sm text-slate-500">For small teams</p>
          <p className="mt-4 text-3xl font-semibold">$96/mo</p>
          <ul className="mt-6 space-y-2 text-sm text-slate-600">
            <li>• Shared workspaces</li>
            <li>• Roles and permissions</li>
            <li>• Priority support</li>
          </ul>
          <a href="/signup" className="mt-6 block rounded-md border border-slate-300 px-4 py-2 text-center text-sm font-medium text-slate-700">
            Contact sales
          </a>
        </div>
      </section>
      <section className="mx-auto max-w-6xl px-6 py-16" id="faq">
        <h3 className="font-medium">Questions</h3>
        <div className="mt-8 divide-y divide-slate-200 border-y border-slate-200">
          {[
            { q: "Can I export the code?", a: "Yes. Every build is plain source you can download or push to a repository." },
            { q: "Do I need a credit card to try it?", a: "No. The Hobby tier is free forever and needs no payment details." },
            { q: "What frameworks are supported?", a: "React, Svelte and standards-based web components today, with more planned." },
          ].map((item) => (
            <details key={item.q} className="py-4">
              <summary className="cursor-pointer text-sm font-medium text-slate-900">
                {item.q}
              </summary>
              <p className="mt-2 text-sm text-slate-600">{item.a}</p>
            </details>
          ))}
        </div>
      </section>
      <footer className="border-t border-slate-200 dark:border-slate-800 px-6 py-8 text-sm text-slate-500 dark:text-slate-400">
        <h3 className="font-medium">© 2026 Northwind Labs</h3>
        <a className="text-sm text-slate-600 dark:text-slate-400 hover:text-slate-900 dark:hover:text-slate-100 focus:ring-2 focus:ring-slate-900 dark:focus:ring-slate-100" href="/privacy">Privacy</a>
        <a className="text-sm text-slate-600 dark:text-slate-400 hover:text-slate-900 dark:hover:text-slate-100 focus:ring-2 focus:ring-slate-900 dark:focus:ring-slate-100" href="/terms">Terms</a>
      </footer>
    </>
  );
}
