---
source: crates/guml-compiler/tests/snapshots.rs
expression: "emitted(\"portfolio.guml\", \"react\")"
---
// ---- Portfolio.tsx ----
import { useState, useCallback, useEffect, useMemo } from "react";

type Project = { id: string; name: string; blurb: string; stack: string; area: string; year: number; live: boolean };

type Message = { id: string; name: string; email: string; body: string };

const AREA_OPTIONS = ["all", "compilers", "web", "research"] as const;

export default function Portfolio() {
  const [area, setArea] = useState<"all" | "compilers" | "web" | "research">("all");
  const [name, setName] = useState("");
  const [email, setEmail] = useState("");
  const [body, setBody] = useState("");
  const [newsletter, setNewsletter] = useState<boolean>(false);

  // resource `projects`
  const [projects, setProjects] = useState<Project[]>([]);
  const [projectsLoading, setProjectsLoading] = useState(true);
  const [projectsError, setProjectsError] = useState<string | null>(null);

  useEffect(() => {
    const controller = new AbortController();
    setProjectsLoading(true);
    setProjectsError(null);
    fetch("/api/projects", { signal: controller.signal })
      .then((res) => {
        if (!res.ok) throw new Error(`Request failed: ${res.status}`);
        return res.json() as Promise<Project[]>;
      })
      .then(setProjects)
      .catch((err: unknown) => {
        if (err instanceof Error && err.name === "AbortError") return;
        setProjectsError(err instanceof Error ? err.message : "Unknown error");
      })
      .finally(() => setProjectsLoading(false));
    return () => controller.abort();
  }, []);

  // resource `messages`
  const [messages, setMessages] = useState<Message[]>([]);
  const [messagesLoading, setMessagesLoading] = useState(true);
  const [messagesError, setMessagesError] = useState<string | null>(null);
  const [messagesSaving, setMessagesSaving] = useState(false);

  useEffect(() => {
    const controller = new AbortController();
    setMessagesLoading(true);
    setMessagesError(null);
    fetch("/api/messages", { signal: controller.signal })
      .then((res) => {
        if (!res.ok) throw new Error(`Request failed: ${res.status}`);
        return res.json() as Promise<Message[]>;
      })
      .then(setMessages)
      .catch((err: unknown) => {
        if (err instanceof Error && err.name === "AbortError") return;
        setMessagesError(err instanceof Error ? err.message : "Unknown error");
      })
      .finally(() => setMessagesLoading(false));
    return () => controller.abort();
  }, []);

  const messagesSend = useCallback(
    async (body: Partial<Message>) => {
      const snapshot = messages;
      setMessagesSaving(true);
      const optimistic = { id: `tmp-${Date.now()}`, ...body } as Message;
      setMessages((prev) => [...prev, optimistic]);
      try {
        const res = await fetch("/api/messages", {
          method: "POST",
          headers: { "Content-Type": "application/json" },
          body: JSON.stringify(body),
        });
        if (!res.ok) throw new Error(`Request failed: ${res.status}`);
        const created = (await res.json()) as Message;
        setMessages((prev) => prev.map((it) => (it === optimistic ? created : it)));
      } catch (err: unknown) {
        setMessages(snapshot);
        setMessagesError(err instanceof Error ? err.message : "Could not save");
      } finally {
        setMessagesSaving(false);
      }
    },
    [messages],
  );

  const visibleProjects = useMemo(() => area === "all" ? projects : projects.filter((it) => it.area === area), [projects, area]);

  return (
    <>
      <nav className="mx-auto flex max-w-6xl items-center justify-between px-6 py-5">
        <h3 className="font-medium">Ravi</h3>
        <a className="text-sm text-slate-600 dark:text-slate-400 hover:text-slate-900 dark:hover:text-slate-100 focus:ring-2 focus:ring-slate-900 dark:focus:ring-slate-100" href="#work" id="work">Work</a>
        <a className="text-sm text-slate-600 dark:text-slate-400 hover:text-slate-900 dark:hover:text-slate-100 focus:ring-2 focus:ring-slate-900 dark:focus:ring-slate-100" href="#about" id="about">About</a>
        <a className="text-sm text-slate-600 dark:text-slate-400 hover:text-slate-900 dark:hover:text-slate-100 focus:ring-2 focus:ring-slate-900 dark:focus:ring-slate-100" href="#archive" id="archive">Archive</a>
        <a className="text-sm text-slate-600 dark:text-slate-400 hover:text-slate-900 dark:hover:text-slate-100 focus:ring-2 focus:ring-slate-900 dark:focus:ring-slate-100" href="#contact" id="contact">Contact</a>
        <button className="rounded-md px-4 py-2 text-sm font-medium transition-colors border border-slate-300 dark:border-slate-700 text-slate-700 dark:text-slate-300 hover:bg-slate-50 dark:hover:bg-slate-800 focus:ring-2 focus:ring-slate-900 dark:focus:ring-slate-100 disabled:opacity-40" type="button">Download CV</button>
      </nav>
      <header className="mx-auto max-w-3xl px-6 py-24 text-center">
        <h1 className="text-4xl font-semibold tracking-tight text-slate-900 dark:text-slate-100 sm:text-5xl">I build compilers, and the interfaces that sit on top of them</h1>
        <p className="mt-1 text-sm text-slate-500 dark:text-slate-400">Systems engineer working on developer tooling — language design, code generation, and the parts of a product people actually touch.</p>
        <button className="rounded-md px-4 py-2 text-sm font-medium transition-colors bg-slate-900 dark:bg-slate-100 text-white dark:text-slate-900 hover:bg-slate-800 dark:hover:bg-slate-200 focus:ring-2 focus:ring-slate-900 dark:focus:ring-slate-100 disabled:opacity-40" type="submit">Get in touch</button>
        <a className="text-sm text-slate-600 dark:text-slate-400 hover:text-slate-900 dark:hover:text-slate-100 focus:ring-2 focus:ring-slate-900 dark:focus:ring-slate-100" href="#work" id="work">Read the work</a>
      </header>
      <section className="mx-auto max-w-6xl px-6 py-16 grid gap-6 md:grid-cols-3" id="work">
        <h3 className="font-medium">Selected</h3>
        <div className="rounded-xl border border-slate-200 dark:border-slate-800 bg-white dark:bg-slate-900 p-6 shadow-sm">An intermediate representation and compiler for LLM-generated interfaces. Rust, WebAssembly, 162 tests. Emits React that typechecks under strict mode.</div>
        <div className="rounded-xl border border-slate-200 dark:border-slate-800 bg-white dark:bg-slate-900 p-6 shadow-sm">HR platform serving payroll and attendance at scale. Owned the reporting pipeline and cut month-end close from hours to minutes.</div>
        <div className="rounded-xl border border-slate-200 dark:border-slate-800 bg-white dark:bg-slate-900 p-6 shadow-sm">Double-entry accounting core with an append-only journal. Postgres, Rust, and property tests instead of hope.</div>
      </section>
      <section className="mx-auto max-w-6xl px-6 py-16" id="about">
        <h3 className="font-medium">About</h3>
        <h2 className="text-lg font-semibold text-slate-900 dark:text-slate-100">Twelve years of shipping things that other engineers depend on</h2>
        <p className="mt-1 text-sm text-slate-500 dark:text-slate-400">I like the layer where correctness is checkable — parsers, compilers, schedulers, anything where a test can tell you the truth. Most of my work is in Rust and TypeScript, and most of it exists to make somebody else's job smaller.</p>
        <p className="mt-1 text-sm text-slate-500 dark:text-slate-400">Before tooling I spent six years on product teams, which is why I care whether the thing renders. A compiler that emits inaccessible markup has not finished its job.</p>
        <div className="flex items-center gap-3 justify-between">
          <div className="mt-6 text-center text-5xl font-bold tabular-nums text-slate-900 dark:text-slate-100">{projects.length}</div>
          <div className="mt-6 text-center text-5xl font-bold tabular-nums text-slate-900 dark:text-slate-100">{projects.filter((it) => it.live).length}</div>
        </div>
      </section>
      <section className="mx-auto max-w-6xl px-6 py-16 grid gap-6 md:grid-cols-3" id="stack">
        <h3 className="font-medium">How</h3>
        <div className="rounded-xl border border-slate-200 dark:border-slate-800 bg-white dark:bg-slate-900 p-6 shadow-sm">Every number in a README is traceable to a command you can run. If it is an estimate, it says so.</div>
        <div className="rounded-xl border border-slate-200 dark:border-slate-800 bg-white dark:bg-slate-900 p-6 shadow-sm">Diagnostics get spans, stable codes, and a suggested fix. The best error message is one a machine can apply.</div>
        <div className="rounded-xl border border-slate-200 dark:border-slate-800 bg-white dark:bg-slate-900 p-6 shadow-sm">Two bugs in the last scaffold were caught by tests written before the code was believed.</div>
      </section>
      <section className="mx-auto max-w-6xl px-6 py-16" id="archive">
        <h3 className="font-medium">Everything</h3>
        <p className="mt-1 text-sm text-slate-500 dark:text-slate-400">Filter by area. The list, its loading skeleton, its empty state and its error banner are generated — none of it is written here.</p>
        <div className="mt-4 flex gap-2">
          {AREA_OPTIONS.map((option) => (
            <button
              key={option}
              type="button"
              aria-pressed={area === option}
              onClick={() => setArea(option)}
              className={
                area === option
                  ? "rounded-full bg-slate-900 px-3 py-1 text-xs font-medium text-white"
                  : "rounded-full border border-slate-300 px-3 py-1 text-xs text-slate-600"
              }
            >
              {option}
            </button>
          ))}
        </div>
        {projectsError && (
          <p role="alert" className="mt-4 rounded-md bg-red-50 px-3 py-2 text-sm text-red-700">
            {projectsError}
          </p>
        )}
        {projectsLoading ? (
          <ul className="mt-6 space-y-2">
            {[0, 1, 2].map((n) => (
              <li key={n} className="h-12 animate-pulse rounded-md bg-slate-100" />
            ))}
          </ul>
        ) : visibleProjects.length === 0 ? (
          <p className="mt-10 text-center text-sm text-slate-500 dark:text-slate-400">Nothing in this area yet.</p>
        ) : (
          <ul className="mt-6 divide-y divide-slate-200 dark:divide-slate-800 rounded-md border border-slate-200 dark:border-slate-800">
            {visibleProjects.map((item, i) => (
              <li key={item.id} className="flex items-center gap-3 px-3 py-3">
                <span className="flex-1 text-sm text-slate-900 dark:text-slate-100">{item.name}</span>
                <span className="flex-1 text-sm text-slate-900 dark:text-slate-100">{item.stack}</span>
                <span className="flex-1 text-sm text-slate-900 dark:text-slate-100">{item.year}</span>
                <input className="h-4 w-4 rounded border-slate-300 dark:border-slate-700 focus:ring-2 focus:ring-slate-900 dark:focus:ring-slate-100 disabled:opacity-40" type="checkbox" aria-label="Live" checked={item.live} />
              </li>
            ))}
          </ul>
        )}
      </section>
      <section className="mx-auto max-w-6xl px-6 py-16" id="contact">
        <h3 className="font-medium">Contact</h3>
        <h2 className="text-lg font-semibold text-slate-900 dark:text-slate-100">Tell me what you are building</h2>
        <p className="mt-1 text-sm text-slate-500 dark:text-slate-400">The fastest way to reach me is this form. I reply to everything that is not a recruiter template.</p>
        <form className="mt-6 flex gap-2" onSubmit={(e) => { e.preventDefault(); messagesSend({ name: name, email: email, body: body }); setName(""); setEmail(""); setBody(""); }}>
          <input className="flex-1 rounded-md border border-slate-300 dark:border-slate-700 px-3 py-2 text-sm outline-none bg-white dark:bg-slate-900 text-slate-900 dark:text-slate-100 focus:ring-2 focus:ring-slate-900 dark:focus:ring-slate-100 disabled:opacity-40" type="text" aria-label="Your name" placeholder="Your name" value={name} onChange={(e) => setName(e.target.value)} />
          <input className="flex-1 rounded-md border border-slate-300 dark:border-slate-700 px-3 py-2 text-sm outline-none bg-white dark:bg-slate-900 text-slate-900 dark:text-slate-100 focus:ring-2 focus:ring-slate-900 dark:focus:ring-slate-100 disabled:opacity-40" type="email" aria-label="Email address" placeholder="you@example.com" value={email} onChange={(e) => setEmail(e.target.value)} />
          <input className="flex-1 rounded-md border border-slate-300 dark:border-slate-700 px-3 py-2 text-sm outline-none bg-white dark:bg-slate-900 text-slate-900 dark:text-slate-100 focus:ring-2 focus:ring-slate-900 dark:focus:ring-slate-100 disabled:opacity-40" type="text" aria-label="What you are building" placeholder="A sentence or two" value={body} onChange={(e) => setBody(e.target.value)} />
          <input className="h-4 w-4 rounded border-slate-300 dark:border-slate-700 focus:ring-2 focus:ring-slate-900 dark:focus:ring-slate-100 disabled:opacity-40" type="checkbox" role="switch" aria-label="Send me occasional notes about compilers" />
          <button className="rounded-md px-4 py-2 text-sm font-medium transition-colors bg-slate-900 dark:bg-slate-100 text-white dark:text-slate-900 hover:bg-slate-800 dark:hover:bg-slate-200 focus:ring-2 focus:ring-slate-900 dark:focus:ring-slate-100 disabled:opacity-40" type="submit" disabled={!email.trim()}>{messagesSaving ? "Sending…" : "Send message"}</button>
        </form>
      </section>
      <div className="mt-8 divide-y divide-slate-200 border-y border-slate-200">
        {[
          { q: "Are you available for contract work?", a: "Yes, for short engagements on compilers, developer tooling or data-heavy back ends." },
          { q: "What do you not take on?", a: "Ad tech, and anything that needs a fresh design system built from nothing in under a month." },
          { q: "Do you mentor?", a: "Yes, one or two people at a time, free, usually engineers moving into systems work." },
        ].map((item) => (
          <details key={item.q} className="py-4">
            <summary className="cursor-pointer text-sm font-medium text-slate-900">
              {item.q}
            </summary>
            <p className="mt-2 text-sm text-slate-600">{item.a}</p>
          </details>
        ))}
      </div>
      <footer className="border-t border-slate-200 dark:border-slate-800 px-6 py-8 text-sm text-slate-500 dark:text-slate-400">
        <h3 className="font-medium">© 2026 Ravi Kishan</h3>
        <a className="text-sm text-slate-600 dark:text-slate-400 hover:text-slate-900 dark:hover:text-slate-100 focus:ring-2 focus:ring-slate-900 dark:focus:ring-slate-100" href="/contact">Email</a>
        <a className="text-sm text-slate-600 dark:text-slate-400 hover:text-slate-900 dark:hover:text-slate-100 focus:ring-2 focus:ring-slate-900 dark:focus:ring-slate-100" href="/github">GitHub</a>
        <a className="text-sm text-slate-600 dark:text-slate-400 hover:text-slate-900 dark:hover:text-slate-100 focus:ring-2 focus:ring-slate-900 dark:focus:ring-slate-100" href="/linkedin">LinkedIn</a>
      </footer>
    </>
  );
}
