---
source: crates/guml-compiler/tests/snapshots.rs
expression: "emitted(\"a.guml\", \"react\")"
---
// ---- Counter.tsx ----
import { useState } from "react";

export default function Counter() {
  const [count, setCount] = useState(0);

  return (
    <div className="rounded-xl border border-border bg-card text-card-foreground shadow-sm p-6 mx-auto mt-10 w-full max-w-sm text-center">
      <h2 className="mt-8 scroll-m-20 border-b border-border pb-2 text-2xl font-semibold tracking-tight text-foreground">Clicks</h2>
      <p className="leading-7 text-foreground">Press the buttons to change the value.</p>
      <p className="mt-6 text-center text-5xl font-bold tabular-nums text-foreground">{count}</p>
      <div className="flex items-center gap-2 justify-center">
        <button className="inline-flex shrink-0 items-center justify-center gap-2 rounded-md text-sm font-medium whitespace-nowrap transition-all h-9 px-4 py-2 hover:bg-accent hover:text-accent-foreground focus-visible:border-ring focus-visible:ring-ring/50 focus-visible:ring-[3px] outline-none disabled:pointer-events-none disabled:opacity-50" type="button" disabled={!count} onClick={() => { setCount(count - 1); }}>Decrement</button>
        <button className="inline-flex shrink-0 items-center justify-center gap-2 rounded-md text-sm font-medium whitespace-nowrap transition-all h-9 px-4 py-2 bg-primary text-primary-foreground hover:bg-primary/90 focus-visible:border-ring focus-visible:ring-ring/50 focus-visible:ring-[3px] outline-none disabled:pointer-events-none disabled:opacity-50" type="button" onClick={() => { setCount(count + 1); }}>Increment</button>
        <button className="inline-flex shrink-0 items-center justify-center gap-2 rounded-md text-sm font-medium whitespace-nowrap transition-all h-9 px-4 py-2 text-primary underline-offset-4 hover:underline focus-visible:border-ring focus-visible:ring-ring/50 focus-visible:ring-[3px] outline-none disabled:pointer-events-none disabled:opacity-50" type="button" onClick={() => { setCount(0); }}>Reset</button>
      </div>
    </div>
  );
}
